// Jest Snapshot v1, https://goo.gl/fbAQLP

exports[`Modal Component Test Renders Modal correctly 1`] = `null`;
