// Jest Snapshot v1, https://goo.gl/fbAQLP

exports[`Product Test Renders Product correctly 1`] = `
<div
  className="products-wrapper"
>
  <div
    className="product-wrapper"
  >
    <div
      className="product-image-wrapper"
    >
      <img
        alt="product-0"
        src="Apple.png"
      />
    </div>
    <div
      className="product-info-wrapper"
    >
      <div
        className="product-title"
      >
        Apple iPhone 11 32GB
      </div>
      <div
        className="product-properties-info-wrapper"
      >
        <div
          className="product-properties-element"
        >
          <div
            className="product-properties-label"
          >
            Marka:
          </div>
          <div
            className="product-properties-value"
          >
            Apple
          </div>
        </div>
        <div
          className="product-properties-element"
        >
          <div
            className="product-properties-label"
          >
            Renk:
          </div>
          <div
            className="product-properties-value"
          >
            Siyah
          </div>
        </div>
      </div>
      <div
        className="product-price-info-wrapper"
      >
        <div
          className="product-price-element"
        >
          109.12
           TL
        </div>
        <div
          className="product-old-price-element"
        >
          <div
            className="product-old-price"
          >
            124.00
             TL
          </div>
          <div
            className="product-discount"
          >
            12
             %
          </div>
        </div>
      </div>
    </div>
    <div
      className="product-add-cart-wrapper"
    >
      <button
        className="product-button"
        onClick={[Function]}
      >
        Sepete Ekle
      </button>
    </div>
  </div>
  <div
    className="product-wrapper"
  >
    <div
      className="product-image-wrapper"
    >
      <img
        alt="product-1"
        src="Apple.png"
      />
    </div>
    <div
      className="product-info-wrapper"
    >
      <div
        className="product-title"
      >
        Apple iPhone 11 32GB
      </div>
      <div
        className="product-properties-info-wrapper"
      >
        <div
          className="product-properties-element"
        >
          <div
            className="product-properties-label"
          >
            Marka:
          </div>
          <div
            className="product-properties-value"
          >
            Apple
          </div>
        </div>
        <div
          className="product-properties-element"
        >
          <div
            className="product-properties-label"
          >
            Renk:
          </div>
          <div
            className="product-properties-value"
          >
            Lacivert
          </div>
        </div>
      </div>
      <div
        className="product-price-info-wrapper"
      >
        <div
          className="product-price-element"
        >
          109.12
           TL
        </div>
        <div
          className="product-old-price-element"
        >
          <div
            className="product-old-price"
          >
            124.00
             TL
          </div>
          <div
            className="product-discount"
          >
            12
             %
          </div>
        </div>
      </div>
    </div>
    <div
      className="product-add-cart-wrapper"
    >
      <button
        className="product-button"
        onClick={[Function]}
      >
        Sepete Ekle
      </button>
    </div>
  </div>
  <div
    className="product-wrapper"
  >
    <div
      className="product-image-wrapper"
    >
      <img
        alt="product-2"
        src="Apple.png"
      />
    </div>
    <div
      className="product-info-wrapper"
    >
      <div
        className="product-title"
      >
        Apple iPhone 11 32GB
      </div>
      <div
        className="product-properties-info-wrapper"
      >
        <div
          className="product-properties-element"
        >
          <div
            className="product-properties-label"
          >
            Marka:
          </div>
          <div
            className="product-properties-value"
          >
            Apple
          </div>
        </div>
        <div
          className="product-properties-element"
        >
          <div
            className="product-properties-label"
          >
            Renk:
          </div>
          <div
            className="product-properties-value"
          >
            SarÄ±
          </div>
        </div>
      </div>
      <div
        className="product-price-info-wrapper"
      >
        <div
          className="product-price-element"
        >
          109.12
           TL
        </div>
        <div
          className="product-old-price-element"
        >
          <div
            className="product-old-price"
          >
            124.00
             TL
          </div>
          <div
            className="product-discount"
          >
            12
             %
          </div>
        </div>
      </div>
    </div>
    <div
      className="product-add-cart-wrapper"
    >
      <button
        className="product-button"
        onClick={[Function]}
      >
        Sepete Ekle
      </button>
    </div>
  </div>
  <div
    className="product-wrapper"
  >
    <div
      className="product-image-wrapper"
    >
      <img
        alt="product-3"
        src="Apple.png"
      />
    </div>
    <div
      className="product-info-wrapper"
    >
      <div
        className="product-title"
      >
        Apple iPhone 11 32GB
      </div>
      <div
        className="product-properties-info-wrapper"
      >
        <div
          className="product-properties-element"
        >
          <div
            className="product-properties-label"
          >
            Marka:
          </div>
          <div
            className="product-properties-value"
          >
            Apple
          </div>
        </div>
        <div
          className="product-properties-element"
        >
          <div
            className="product-properties-label"
          >
            Renk:
          </div>
          <div
            className="product-properties-value"
          >
            Beyaz
          </div>
        </div>
      </div>
      <div
        className="product-price-info-wrapper"
      >
        <div
          className="product-price-element"
        >
          109.12
           TL
        </div>
        <div
          className="product-old-price-element"
        >
          <div
            className="product-old-price"
          >
            124.00
             TL
          </div>
          <div
            className="product-discount"
          >
            12
             %
          </div>
        </div>
      </div>
    </div>
    <div
      className="product-add-cart-wrapper"
    >
      <button
        className="product-button"
        onClick={[Function]}
      >
        Sepete Ekle
      </button>
    </div>
  </div>
  <div
    className="product-wrapper"
  >
    <div
      className="product-image-wrapper"
    >
      <img
        alt="product-4"
        src="Apple.png"
      />
    </div>
    <div
      className="product-info-wrapper"
    >
      <div
        className="product-title"
      >
        Apple iPhone 11 64GB
      </div>
      <div
        className="product-properties-info-wrapper"
      >
        <div
          className="product-properties-element"
        >
          <div
            className="product-properties-label"
          >
            Marka:
          </div>
          <div
            className="product-properties-value"
          >
            Apple
          </div>
        </div>
        <div
          className="product-properties-element"
        >
          <div
            className="product-properties-label"
          >
            Renk:
          </div>
          <div
            className="product-properties-value"
          >
            Siyah
          </div>
        </div>
      </div>
      <div
        className="product-price-info-wrapper"
      >
        <div
          className="product-price-element"
        >
          194.88
           TL
        </div>
        <div
          className="product-old-price-element"
        >
          <div
            className="product-old-price"
          >
            224.00
             TL
          </div>
          <div
            className="product-discount"
          >
            13
             %
          </div>
        </div>
      </div>
    </div>
    <div
      className="product-add-cart-wrapper"
    >
      <button
        className="product-button"
        onClick={[Function]}
      >
        Sepete Ekle
      </button>
    </div>
  </div>
  <div
    className="product-wrapper"
  >
    <div
      className="product-image-wrapper"
    >
      <img
        alt="product-5"
        src="Apple.png"
      />
    </div>
    <div
      className="product-info-wrapper"
    >
      <div
        className="product-title"
      >
        Apple iPhone 11 64GB
      </div>
      <div
        className="product-properties-info-wrapper"
      >
        <div
          className="product-properties-element"
        >
          <div
            className="product-properties-label"
          >
            Marka:
          </div>
          <div
            className="product-properties-value"
          >
            Apple
          </div>
        </div>
        <div
          className="product-properties-element"
        >
          <div
            className="product-properties-label"
          >
            Renk:
          </div>
          <div
            className="product-properties-value"
          >
            Lacivert
          </div>
        </div>
      </div>
      <div
        className="product-price-info-wrapper"
      >
        <div
          className="product-price-element"
        >
          194.88
           TL
        </div>
        <div
          className="product-old-price-element"
        >
          <div
            className="product-old-price"
          >
            224.00
             TL
          </div>
          <div
            className="product-discount"
          >
            13
             %
          </div>
        </div>
      </div>
    </div>
    <div
      className="product-add-cart-wrapper"
    >
      <button
        className="product-button"
        onClick={[Function]}
      >
        Sepete Ekle
      </button>
    </div>
  </div>
  <div
    className="product-wrapper"
  >
    <div
      className="product-image-wrapper"
    >
      <img
        alt="product-6"
        src="Apple.png"
      />
    </div>
    <div
      className="product-info-wrapper"
    >
      <div
        className="product-title"
      >
        Apple iPhone 11 64GB
      </div>
      <div
        className="product-properties-info-wrapper"
      >
        <div
          className="product-properties-element"
        >
          <div
            className="product-properties-label"
          >
            Marka:
          </div>
          <div
            className="product-properties-value"
          >
            Apple
          </div>
        </div>
        <div
          className="product-properties-element"
        >
          <div
            className="product-properties-label"
          >
            Renk:
          </div>
          <div
            className="product-properties-value"
          >
            SarÄ±
          </div>
        </div>
      </div>
      <div
        className="product-price-info-wrapper"
      >
        <div
          className="product-price-element"
        >
          194.88
           TL
        </div>
        <div
          className="product-old-price-element"
        >
          <div
            className="product-old-price"
          >
            224.00
             TL
          </div>
          <div
            className="product-discount"
          >
            13
             %
          </div>
        </div>
      </div>
    </div>
    <div
      className="product-add-cart-wrapper"
    >
      <button
        className="product-button"
        onClick={[Function]}
      >
        Sepete Ekle
      </button>
    </div>
  </div>
  <div
    className="product-wrapper"
  >
    <div
      className="product-image-wrapper"
    >
      <img
        alt="product-7"
        src="Apple.png"
      />
    </div>
    <div
      className="product-info-wrapper"
    >
      <div
        className="product-title"
      >
        Apple iPhone 11 64GB
      </div>
      <div
        className="product-properties-info-wrapper"
      >
        <div
          className="product-properties-element"
        >
          <div
            className="product-properties-label"
          >
            Marka:
          </div>
          <div
            className="product-properties-value"
          >
            Apple
          </div>
        </div>
        <div
          className="product-properties-element"
        >
          <div
            className="product-properties-label"
          >
            Renk:
          </div>
          <div
            className="product-properties-value"
          >
            Beyaz
          </div>
        </div>
      </div>
      <div
        className="product-price-info-wrapper"
      >
        <div
          className="product-price-element"
        >
          194.88
           TL
        </div>
        <div
          className="product-old-price-element"
        >
          <div
            className="product-old-price"
          >
            224.00
             TL
          </div>
          <div
            className="product-discount"
          >
            13
             %
          </div>
        </div>
      </div>
    </div>
    <div
      className="product-add-cart-wrapper"
    >
      <button
        className="product-button"
        onClick={[Function]}
      >
        Sepete Ekle
      </button>
    </div>
  </div>
  <div
    className="product-wrapper"
  >
    <div
      className="product-image-wrapper"
    >
      <img
        alt="product-8"
        src="Apple.png"
      />
    </div>
    <div
      className="product-info-wrapper"
    >
      <div
        className="product-title"
      >
        Apple iPhone 11 128GB
      </div>
      <div
        className="product-properties-info-wrapper"
      >
        <div
          className="product-properties-element"
        >
          <div
            className="product-properties-label"
          >
            Marka:
          </div>
          <div
            className="product-properties-value"
          >
            Apple
          </div>
        </div>
        <div
          className="product-properties-element"
        >
          <div
            className="product-properties-label"
          >
            Renk:
          </div>
          <div
            className="product-properties-value"
          >
            Siyah
          </div>
        </div>
      </div>
      <div
        className="product-price-info-wrapper"
      >
        <div
          className="product-price-element"
        >
          278.64
           TL
        </div>
        <div
          className="product-old-price-element"
        >
          <div
            className="product-old-price"
          >
            324.00
             TL
          </div>
          <div
            className="product-discount"
          >
            14
             %
          </div>
        </div>
      </div>
    </div>
    <div
      className="product-add-cart-wrapper"
    >
      <button
        className="product-button"
        onClick={[Function]}
      >
        Sepete Ekle
      </button>
    </div>
  </div>
  <div
    className="product-wrapper"
  >
    <div
      className="product-image-wrapper"
    >
      <img
        alt="product-9"
        src="Apple.png"
      />
    </div>
    <div
      className="product-info-wrapper"
    >
      <div
        className="product-title"
      >
        Apple iPhone 11 128GB
      </div>
      <div
        className="product-properties-info-wrapper"
      >
        <div
          className="product-properties-element"
        >
          <div
            className="product-properties-label"
          >
            Marka:
          </div>
          <div
            className="product-properties-value"
          >
            Apple
          </div>
        </div>
        <div
          className="product-properties-element"
        >
          <div
            className="product-properties-label"
          >
            Renk:
          </div>
          <div
            className="product-properties-value"
          >
            Lacivert
          </div>
        </div>
      </div>
      <div
        className="product-price-info-wrapper"
      >
        <div
          className="product-price-element"
        >
          278.64
           TL
        </div>
        <div
          className="product-old-price-element"
        >
          <div
            className="product-old-price"
          >
            324.00
             TL
          </div>
          <div
            className="product-discount"
          >
            14
             %
          </div>
        </div>
      </div>
    </div>
    <div
      className="product-add-cart-wrapper"
    >
      <button
        className="product-button"
        onClick={[Function]}
      >
        Sepete Ekle
      </button>
    </div>
  </div>
  <div
    className="product-wrapper"
  >
    <div
      className="product-image-wrapper"
    >
      <img
        alt="product-10"
        src="Apple.png"
      />
    </div>
    <div
      className="product-info-wrapper"
    >
      <div
        className="product-title"
      >
        Apple iPhone 11 128GB
      </div>
      <div
        className="product-properties-info-wrapper"
      >
        <div
          className="product-properties-element"
        >
          <div
            className="product-properties-label"
          >
            Marka:
          </div>
          <div
            className="product-properties-value"
          >
            Apple
          </div>
        </div>
        <div
          className="product-properties-element"
        >
          <div
            className="product-properties-label"
          >
            Renk:
          </div>
          <div
            className="product-properties-value"
          >
            SarÄ±
          </div>
        </div>
      </div>
      <div
        className="product-price-info-wrapper"
      >
        <div
          className="product-price-element"
        >
          278.64
           TL
        </div>
        <div
          className="product-old-price-element"
        >
          <div
            className="product-old-price"
          >
            324.00
             TL
          </div>
          <div
            className="product-discount"
          >
            14
             %
          </div>
        </div>
      </div>
    </div>
    <div
      className="product-add-cart-wrapper"
    >
      <button
        className="product-button"
        onClick={[Function]}
      >
        Sepete Ekle
      </button>
    </div>
  </div>
  <div
    className="product-wrapper"
  >
    <div
      className="product-image-wrapper"
    >
      <img
        alt="product-11"
        src="Apple.png"
      />
    </div>
    <div
      className="product-info-wrapper"
    >
      <div
        className="product-title"
      >
        Apple iPhone 11 128GB
      </div>
      <div
        className="product-properties-info-wrapper"
      >
        <div
          className="product-properties-element"
        >
          <div
            className="product-properties-label"
          >
            Marka:
          </div>
          <div
            className="product-properties-value"
          >
            Apple
          </div>
        </div>
        <div
          className="product-properties-element"
        >
          <div
            className="product-properties-label"
          >
            Renk:
          </div>
          <div
            className="product-properties-value"
          >
            Beyaz
          </div>
        </div>
      </div>
      <div
        className="product-price-info-wrapper"
      >
        <div
          className="product-price-element"
        >
          278.64
           TL
        </div>
        <div
          className="product-old-price-element"
        >
          <div
            className="product-old-price"
          >
            324.00
             TL
          </div>
          <div
            className="product-discount"
          >
            14
             %
          </div>
        </div>
      </div>
    </div>
    <div
      className="product-add-cart-wrapper"
    >
      <button
        className="product-button"
        onClick={[Function]}
      >
        Sepete Ekle
      </button>
    </div>
  </div>
</div>
`;
